// Jest Snapshot v1, https://goo.gl/fbAQLP

exports[`should render successfully 1`] = `
<div
  class="wrapper wrapper-0-2-1 wrapper-d0-0-2-2 wrapper__circle"
  data-testid="skeleton-avatar"
/>
`;
