// Jest Snapshot v1, https://goo.gl/fbAQLP

exports[`should render successfully 1`] = `
<button
  class="wrapper wrapper-0-2-1 wrapper-d0-0-2-2 wrapper__clickable"
  data-testid="icon-button__button"
>
  <span
    class="jsx-3212838394 icon material-icons"
    role="img"
  >
    arrow_drop_down
  </span>
</button>
`;
