// Jest Snapshot v1, https://goo.gl/fbAQLP

exports[`Toolbar should render successfully 1`] = `
<div
  class=""
/>
`;
