// Jest Snapshot v1, https://goo.gl/fbAQLP

exports[`Text should render successfully 1`] = `
<span
  class="elm-0-2-1 elm-d0-0-2-2"
  data-testid="text-elm"
>
  Hello Testing World
</span>
`;
