// Jest Snapshot v1, https://goo.gl/fbAQLP

exports[`should render successfully 1`] = `
<div
  class="wrapper-0-2-2 wrapper-d0-0-2-8"
  data-testid="loader"
>
  <span
    class="item-0-2-3 item-d1-0-2-9 item1-0-2-4"
  />
  <span
    class="item-0-2-3 item-d1-0-2-9 item2-0-2-5"
  />
  <span
    class="item-0-2-3 item-d1-0-2-9 item3-0-2-6"
  />
  <span
    class="item-0-2-3 item-d1-0-2-9 item4-0-2-7"
  />
</div>
`;
