// Jest Snapshot v1, https://goo.gl/fbAQLP

exports[`Divider should render successfully 1`] = `
<div
  class="divider divider__dark"
/>
`;
