// Jest Snapshot v1, https://goo.gl/fbAQLP

exports[`Calendar should handle previous month 1`] = `
<div
  class="calendar"
>
  <div
    class="top"
  >
    <button
      class="sc-gtsrHT dtPxGD"
      data-testid="prev-month"
    >
      <span
        class="material-icons sc-bdnxRM cbDTns"
      >
        arrow_left
      </span>
    </button>
    <div
      class="center"
    >
      <span
        data-testid="month"
      >
        august
      </span>
      <span>
        2021
      </span>
    </div>
    <button
      class="sc-gtsrHT dtPxGD"
      data-testid="next-month"
    >
      <span
        class="material-icons sc-bdnxRM cbDTns"
      >
        arrow_right
      </span>
    </button>
  </div>
  <div
    class="inner"
  >
    <span
      class="day_name"
    >
      <span>
        mon
      </span>
    </span>
    <span
      class="day_name"
    >
      <span>
        tue
      </span>
    </span>
    <span
      class="day_name"
    >
      <span>
        wed
      </span>
    </span>
    <span
      class="day_name"
    >
      <span>
        thu
      </span>
    </span>
    <span
      class="day_name"
    >
      <span>
        fri
      </span>
    </span>
    <span
      class="day_name"
    >
      <span>
        sat
      </span>
    </span>
    <span
      class="day_name"
    >
      <span>
        sun
      </span>
    </span>
    <span
      class="cell cell__out_of_range"
    >
      <span
        class="day_number"
      >
        26
      </span>
      <div
        class="events"
      />
    </span>
    <span
      class="cell cell__out_of_range"
    >
      <span
        class="day_number"
      >
        27
      </span>
      <div
        class="events"
      />
    </span>
    <span
      class="cell cell__out_of_range"
    >
      <span
        class="day_number"
      >
        28
      </span>
      <div
        class="events"
      />
    </span>
    <span
      class="cell cell__out_of_range"
    >
      <span
        class="day_number"
      >
        29
      </span>
      <div
        class="events"
      />
    </span>
    <span
      class="cell cell__out_of_range"
    >
      <span
        class="day_number"
      >
        30
      </span>
      <div
        class="events"
      />
    </span>
    <span
      class="cell cell__out_of_range"
    >
      <span
        class="day_number"
      >
        31
      </span>
      <div
        class="events"
      />
    </span>
    <span
      class="cell"
    >
      <span
        class="day_number"
      >
        1
      </span>
      <div
        class="events"
      />
    </span>
    <span
      class="cell"
    >
      <span
        class="day_number"
      >
        2
      </span>
      <div
        class="events"
      />
    </span>
    <span
      class="cell"
    >
      <span
        class="day_number"
      >
        3
      </span>
      <div
        class="events"
      />
    </span>
    <span
      class="cell"
    >
      <span
        class="day_number"
      >
        4
      </span>
      <div
        class="events"
      />
    </span>
    <span
      class="cell"
    >
      <span
        class="day_number"
      >
        5
      </span>
      <div
        class="events"
      />
    </span>
    <span
      class="cell"
    >
      <span
        class="day_number"
      >
        6
      </span>
      <div
        class="events"
      />
    </span>
    <span
      class="cell"
    >
      <span
        class="day_number"
      >
        7
      </span>
      <div
        class="events"
      />
    </span>
    <span
      class="cell"
    >
      <span
        class="day_number"
      >
        8
      </span>
      <div
        class="events"
      />
    </span>
    <span
      class="cell"
    >
      <span
        class="day_number"
      >
        9
      </span>
      <div
        class="events"
      />
    </span>
    <span
      class="cell"
    >
      <span
        class="day_number"
      >
        10
      </span>
      <div
        class="events"
      />
    </span>
    <span
      class="cell"
    >
      <span
        class="day_number"
      >
        11
      </span>
      <div
        class="events"
      />
    </span>
    <span
      class="cell"
    >
      <span
        class="day_number"
      >
        12
      </span>
      <div
        class="events"
      />
    </span>
    <span
      class="cell"
    >
      <span
        class="day_number"
      >
        13
      </span>
      <div
        class="events"
      />
    </span>
    <span
      class="cell"
    >
      <span
        class="day_number"
      >
        14
      </span>
      <div
        class="events"
      />
    </span>
    <span
      class="cell"
    >
      <span
        class="day_number"
      >
        15
      </span>
      <div
        class="events"
      />
    </span>
    <span
      class="cell"
    >
      <span
        class="day_number"
      >
        16
      </span>
      <div
        class="events"
      />
    </span>
    <span
      class="cell"
    >
      <span
        class="day_number"
      >
        17
      </span>
      <div
        class="events"
      />
    </span>
    <span
      class="cell"
    >
      <span
        class="day_number"
      >
        18
      </span>
      <div
        class="events"
      />
    </span>
    <span
      class="cell"
    >
      <span
        class="day_number"
      >
        19
      </span>
      <div
        class="events"
      />
    </span>
    <span
      class="cell"
    >
      <span
        class="day_number"
      >
        20
      </span>
      <div
        class="events"
      />
    </span>
    <span
      class="cell"
    >
      <span
        class="day_number"
      >
        21
      </span>
      <div
        class="events"
      />
    </span>
    <span
      class="cell"
    >
      <span
        class="day_number"
      >
        22
      </span>
      <div
        class="events"
      />
    </span>
    <span
      class="cell"
    >
      <span
        class="day_number"
      >
        23
      </span>
      <div
        class="events"
      />
    </span>
    <span
      class="cell"
    >
      <span
        class="day_number"
      >
        24
      </span>
      <div
        class="events"
      />
    </span>
    <span
      class="cell"
    >
      <span
        class="day_number"
      >
        25
      </span>
      <div
        class="events"
      />
    </span>
    <span
      class="cell"
    >
      <span
        class="day_number"
      >
        26
      </span>
      <div
        class="events"
      >
        <div
          class="wrapper"
        >
          <span>
            Storybook Event That Rocks !
          </span>
          <span
            class="hour"
          >
            21
            :
            14
          </span>
        </div>
      </div>
    </span>
    <span
      class="cell"
    >
      <span
        class="day_number"
      >
        27
      </span>
      <div
        class="events"
      />
    </span>
    <span
      class="cell"
    >
      <span
        class="day_number day_number__current"
      >
        28
      </span>
      <div
        class="events"
      />
    </span>
    <span
      class="cell"
    >
      <span
        class="day_number"
      >
        29
      </span>
      <div
        class="events"
      />
    </span>
    <span
      class="cell"
    >
      <span
        class="day_number"
      >
        30
      </span>
      <div
        class="events"
      />
    </span>
    <span
      class="cell"
    >
      <span
        class="day_number"
      >
        31
      </span>
      <div
        class="events"
      />
    </span>
    <span
      class="cell cell__out_of_range"
    >
      <span
        class="day_number"
      >
        1
      </span>
      <div
        class="events"
      />
    </span>
    <span
      class="cell cell__out_of_range"
    >
      <span
        class="day_number"
      >
        2
      </span>
      <div
        class="events"
      />
    </span>
    <span
      class="cell cell__out_of_range"
    >
      <span
        class="day_number"
      >
        3
      </span>
      <div
        class="events"
      />
    </span>
    <span
      class="cell cell__out_of_range"
    >
      <span
        class="day_number"
      >
        4
      </span>
      <div
        class="events"
      />
    </span>
    <span
      class="cell cell__out_of_range"
    >
      <span
        class="day_number"
      >
        5
      </span>
      <div
        class="events"
      />
    </span>
  </div>
</div>
`;

exports[`Calendar should handle previous month 2`] = `
<div
  class="calendar"
>
  <div
    class="top"
  >
    <button
      class="sc-gtsrHT dtPxGD"
      data-testid="prev-month"
    >
      <span
        class="material-icons sc-bdnxRM cbDTns"
      >
        arrow_left
      </span>
    </button>
    <div
      class="center"
    >
      <span
        data-testid="month"
      >
        july
      </span>
      <span>
        2021
      </span>
    </div>
    <button
      class="sc-gtsrHT dtPxGD"
      data-testid="next-month"
    >
      <span
        class="material-icons sc-bdnxRM cbDTns"
      >
        arrow_right
      </span>
    </button>
  </div>
  <div
    class="inner"
  >
    <span
      class="day_name"
    >
      <span>
        mon
      </span>
    </span>
    <span
      class="day_name"
    >
      <span>
        tue
      </span>
    </span>
    <span
      class="day_name"
    >
      <span>
        wed
      </span>
    </span>
    <span
      class="day_name"
    >
      <span>
        thu
      </span>
    </span>
    <span
      class="day_name"
    >
      <span>
        fri
      </span>
    </span>
    <span
      class="day_name"
    >
      <span>
        sat
      </span>
    </span>
    <span
      class="day_name"
    >
      <span>
        sun
      </span>
    </span>
    <span
      class="cell cell__out_of_range"
    >
      <span
        class="day_number"
      >
        28
      </span>
      <div
        class="events"
      />
    </span>
    <span
      class="cell cell__out_of_range"
    >
      <span
        class="day_number"
      >
        29
      </span>
      <div
        class="events"
      />
    </span>
    <span
      class="cell cell__out_of_range"
    >
      <span
        class="day_number"
      >
        30
      </span>
      <div
        class="events"
      />
    </span>
    <span
      class="cell"
    >
      <span
        class="day_number"
      >
        1
      </span>
      <div
        class="events"
      />
    </span>
    <span
      class="cell"
    >
      <span
        class="day_number"
      >
        2
      </span>
      <div
        class="events"
      />
    </span>
    <span
      class="cell"
    >
      <span
        class="day_number"
      >
        3
      </span>
      <div
        class="events"
      />
    </span>
    <span
      class="cell"
    >
      <span
        class="day_number"
      >
        4
      </span>
      <div
        class="events"
      />
    </span>
    <span
      class="cell"
    >
      <span
        class="day_number"
      >
        5
      </span>
      <div
        class="events"
      />
    </span>
    <span
      class="cell"
    >
      <span
        class="day_number"
      >
        6
      </span>
      <div
        class="events"
      />
    </span>
    <span
      class="cell"
    >
      <span
        class="day_number"
      >
        7
      </span>
      <div
        class="events"
      />
    </span>
    <span
      class="cell"
    >
      <span
        class="day_number"
      >
        8
      </span>
      <div
        class="events"
      />
    </span>
    <span
      class="cell"
    >
      <span
        class="day_number"
      >
        9
      </span>
      <div
        class="events"
      />
    </span>
    <span
      class="cell"
    >
      <span
        class="day_number"
      >
        10
      </span>
      <div
        class="events"
      />
    </span>
    <span
      class="cell"
    >
      <span
        class="day_number"
      >
        11
      </span>
      <div
        class="events"
      />
    </span>
    <span
      class="cell"
    >
      <span
        class="day_number"
      >
        12
      </span>
      <div
        class="events"
      />
    </span>
    <span
      class="cell"
    >
      <span
        class="day_number"
      >
        13
      </span>
      <div
        class="events"
      />
    </span>
    <span
      class="cell"
    >
      <span
        class="day_number"
      >
        14
      </span>
      <div
        class="events"
      />
    </span>
    <span
      class="cell"
    >
      <span
        class="day_number"
      >
        15
      </span>
      <div
        class="events"
      />
    </span>
    <span
      class="cell"
    >
      <span
        class="day_number"
      >
        16
      </span>
      <div
        class="events"
      />
    </span>
    <span
      class="cell"
    >
      <span
        class="day_number"
      >
        17
      </span>
      <div
        class="events"
      />
    </span>
    <span
      class="cell"
    >
      <span
        class="day_number"
      >
        18
      </span>
      <div
        class="events"
      />
    </span>
    <span
      class="cell"
    >
      <span
        class="day_number"
      >
        19
      </span>
      <div
        class="events"
      />
    </span>
    <span
      class="cell"
    >
      <span
        class="day_number"
      >
        20
      </span>
      <div
        class="events"
      />
    </span>
    <span
      class="cell"
    >
      <span
        class="day_number"
      >
        21
      </span>
      <div
        class="events"
      />
    </span>
    <span
      class="cell"
    >
      <span
        class="day_number"
      >
        22
      </span>
      <div
        class="events"
      />
    </span>
    <span
      class="cell"
    >
      <span
        class="day_number"
      >
        23
      </span>
      <div
        class="events"
      />
    </span>
    <span
      class="cell"
    >
      <span
        class="day_number"
      >
        24
      </span>
      <div
        class="events"
      />
    </span>
    <span
      class="cell"
    >
      <span
        class="day_number"
      >
        25
      </span>
      <div
        class="events"
      />
    </span>
    <span
      class="cell"
    >
      <span
        class="day_number"
      >
        26
      </span>
      <div
        class="events"
      />
    </span>
    <span
      class="cell"
    >
      <span
        class="day_number"
      >
        27
      </span>
      <div
        class="events"
      />
    </span>
    <span
      class="cell"
    >
      <span
        class="day_number"
      >
        28
      </span>
      <div
        class="events"
      />
    </span>
    <span
      class="cell"
    >
      <span
        class="day_number"
      >
        29
      </span>
      <div
        class="events"
      />
    </span>
    <span
      class="cell"
    >
      <span
        class="day_number"
      >
        30
      </span>
      <div
        class="events"
      />
    </span>
    <span
      class="cell"
    >
      <span
        class="day_number"
      >
        31
      </span>
      <div
        class="events"
      />
    </span>
    <span
      class="cell cell__out_of_range"
    >
      <span
        class="day_number"
      >
        1
      </span>
      <div
        class="events"
      />
    </span>
  </div>
</div>
`;

exports[`Calendar should handle previous month 3`] = `
<div
  class="calendar"
>
  <div
    class="top"
  >
    <button
      class="sc-gtsrHT dtPxGD"
      data-testid="prev-month"
    >
      <span
        class="material-icons sc-bdnxRM cbDTns"
      >
        arrow_left
      </span>
    </button>
    <div
      class="center"
    >
      <span
        data-testid="month"
      >
        september
      </span>
      <span>
        2021
      </span>
    </div>
    <button
      class="sc-gtsrHT dtPxGD"
      data-testid="next-month"
    >
      <span
        class="material-icons sc-bdnxRM cbDTns"
      >
        arrow_right
      </span>
    </button>
  </div>
  <div
    class="inner"
  >
    <span
      class="day_name"
    >
      <span>
        mon
      </span>
    </span>
    <span
      class="day_name"
    >
      <span>
        tue
      </span>
    </span>
    <span
      class="day_name"
    >
      <span>
        wed
      </span>
    </span>
    <span
      class="day_name"
    >
      <span>
        thu
      </span>
    </span>
    <span
      class="day_name"
    >
      <span>
        fri
      </span>
    </span>
    <span
      class="day_name"
    >
      <span>
        sat
      </span>
    </span>
    <span
      class="day_name"
    >
      <span>
        sun
      </span>
    </span>
    <span
      class="cell cell__out_of_range"
    >
      <span
        class="day_number"
      >
        30
      </span>
      <div
        class="events"
      />
    </span>
    <span
      class="cell cell__out_of_range"
    >
      <span
        class="day_number"
      >
        31
      </span>
      <div
        class="events"
      />
    </span>
    <span
      class="cell"
    >
      <span
        class="day_number"
      >
        1
      </span>
      <div
        class="events"
      />
    </span>
    <span
      class="cell"
    >
      <span
        class="day_number"
      >
        2
      </span>
      <div
        class="events"
      />
    </span>
    <span
      class="cell"
    >
      <span
        class="day_number"
      >
        3
      </span>
      <div
        class="events"
      />
    </span>
    <span
      class="cell"
    >
      <span
        class="day_number"
      >
        4
      </span>
      <div
        class="events"
      />
    </span>
    <span
      class="cell"
    >
      <span
        class="day_number"
      >
        5
      </span>
      <div
        class="events"
      />
    </span>
    <span
      class="cell"
    >
      <span
        class="day_number"
      >
        6
      </span>
      <div
        class="events"
      />
    </span>
    <span
      class="cell"
    >
      <span
        class="day_number"
      >
        7
      </span>
      <div
        class="events"
      />
    </span>
    <span
      class="cell"
    >
      <span
        class="day_number"
      >
        8
      </span>
      <div
        class="events"
      />
    </span>
    <span
      class="cell"
    >
      <span
        class="day_number"
      >
        9
      </span>
      <div
        class="events"
      />
    </span>
    <span
      class="cell"
    >
      <span
        class="day_number"
      >
        10
      </span>
      <div
        class="events"
      />
    </span>
    <span
      class="cell"
    >
      <span
        class="day_number"
      >
        11
      </span>
      <div
        class="events"
      />
    </span>
    <span
      class="cell"
    >
      <span
        class="day_number"
      >
        12
      </span>
      <div
        class="events"
      />
    </span>
    <span
      class="cell"
    >
      <span
        class="day_number"
      >
        13
      </span>
      <div
        class="events"
      />
    </span>
    <span
      class="cell"
    >
      <span
        class="day_number"
      >
        14
      </span>
      <div
        class="events"
      />
    </span>
    <span
      class="cell"
    >
      <span
        class="day_number"
      >
        15
      </span>
      <div
        class="events"
      />
    </span>
    <span
      class="cell"
    >
      <span
        class="day_number"
      >
        16
      </span>
      <div
        class="events"
      />
    </span>
    <span
      class="cell"
    >
      <span
        class="day_number"
      >
        17
      </span>
      <div
        class="events"
      />
    </span>
    <span
      class="cell"
    >
      <span
        class="day_number"
      >
        18
      </span>
      <div
        class="events"
      />
    </span>
    <span
      class="cell"
    >
      <span
        class="day_number"
      >
        19
      </span>
      <div
        class="events"
      />
    </span>
    <span
      class="cell"
    >
      <span
        class="day_number"
      >
        20
      </span>
      <div
        class="events"
      />
    </span>
    <span
      class="cell"
    >
      <span
        class="day_number"
      >
        21
      </span>
      <div
        class="events"
      />
    </span>
    <span
      class="cell"
    >
      <span
        class="day_number"
      >
        22
      </span>
      <div
        class="events"
      />
    </span>
    <span
      class="cell"
    >
      <span
        class="day_number"
      >
        23
      </span>
      <div
        class="events"
      />
    </span>
    <span
      class="cell"
    >
      <span
        class="day_number"
      >
        24
      </span>
      <div
        class="events"
      />
    </span>
    <span
      class="cell"
    >
      <span
        class="day_number"
      >
        25
      </span>
      <div
        class="events"
      />
    </span>
    <span
      class="cell"
    >
      <span
        class="day_number"
      >
        26
      </span>
      <div
        class="events"
      />
    </span>
    <span
      class="cell"
    >
      <span
        class="day_number"
      >
        27
      </span>
      <div
        class="events"
      />
    </span>
    <span
      class="cell"
    >
      <span
        class="day_number"
      >
        28
      </span>
      <div
        class="events"
      />
    </span>
    <span
      class="cell"
    >
      <span
        class="day_number"
      >
        29
      </span>
      <div
        class="events"
      />
    </span>
    <span
      class="cell"
    >
      <span
        class="day_number"
      >
        30
      </span>
      <div
        class="events"
      />
    </span>
    <span
      class="cell cell__out_of_range"
    >
      <span
        class="day_number"
      >
        1
      </span>
      <div
        class="events"
      />
    </span>
    <span
      class="cell cell__out_of_range"
    >
      <span
        class="day_number"
      >
        2
      </span>
      <div
        class="events"
      />
    </span>
    <span
      class="cell cell__out_of_range"
    >
      <span
        class="day_number"
      >
        3
      </span>
      <div
        class="events"
      />
    </span>
  </div>
</div>
`;

exports[`Calendar should render successfully 1`] = `
<div
  class="calendar"
>
  <div
    class="top"
  >
    <button
      class="sc-gtsrHT dtPxGD"
      data-testid="prev-month"
    >
      <span
        class="material-icons sc-bdnxRM cbDTns"
      >
        arrow_left
      </span>
    </button>
    <div
      class="center"
    >
      <span
        data-testid="month"
      >
        august
      </span>
      <span>
        2021
      </span>
    </div>
    <button
      class="sc-gtsrHT dtPxGD"
      data-testid="next-month"
    >
      <span
        class="material-icons sc-bdnxRM cbDTns"
      >
        arrow_right
      </span>
    </button>
  </div>
  <div
    class="inner"
  >
    <span
      class="day_name"
    >
      <span>
        mon
      </span>
    </span>
    <span
      class="day_name"
    >
      <span>
        tue
      </span>
    </span>
    <span
      class="day_name"
    >
      <span>
        wed
      </span>
    </span>
    <span
      class="day_name"
    >
      <span>
        thu
      </span>
    </span>
    <span
      class="day_name"
    >
      <span>
        fri
      </span>
    </span>
    <span
      class="day_name"
    >
      <span>
        sat
      </span>
    </span>
    <span
      class="day_name"
    >
      <span>
        sun
      </span>
    </span>
    <span
      class="cell cell__out_of_range"
    >
      <span
        class="day_number"
      >
        26
      </span>
      <div
        class="events"
      />
    </span>
    <span
      class="cell cell__out_of_range"
    >
      <span
        class="day_number"
      >
        27
      </span>
      <div
        class="events"
      />
    </span>
    <span
      class="cell cell__out_of_range"
    >
      <span
        class="day_number"
      >
        28
      </span>
      <div
        class="events"
      />
    </span>
    <span
      class="cell cell__out_of_range"
    >
      <span
        class="day_number"
      >
        29
      </span>
      <div
        class="events"
      />
    </span>
    <span
      class="cell cell__out_of_range"
    >
      <span
        class="day_number"
      >
        30
      </span>
      <div
        class="events"
      />
    </span>
    <span
      class="cell cell__out_of_range"
    >
      <span
        class="day_number"
      >
        31
      </span>
      <div
        class="events"
      />
    </span>
    <span
      class="cell"
    >
      <span
        class="day_number"
      >
        1
      </span>
      <div
        class="events"
      />
    </span>
    <span
      class="cell"
    >
      <span
        class="day_number"
      >
        2
      </span>
      <div
        class="events"
      />
    </span>
    <span
      class="cell"
    >
      <span
        class="day_number"
      >
        3
      </span>
      <div
        class="events"
      />
    </span>
    <span
      class="cell"
    >
      <span
        class="day_number"
      >
        4
      </span>
      <div
        class="events"
      />
    </span>
    <span
      class="cell"
    >
      <span
        class="day_number"
      >
        5
      </span>
      <div
        class="events"
      />
    </span>
    <span
      class="cell"
    >
      <span
        class="day_number"
      >
        6
      </span>
      <div
        class="events"
      />
    </span>
    <span
      class="cell"
    >
      <span
        class="day_number"
      >
        7
      </span>
      <div
        class="events"
      />
    </span>
    <span
      class="cell"
    >
      <span
        class="day_number"
      >
        8
      </span>
      <div
        class="events"
      />
    </span>
    <span
      class="cell"
    >
      <span
        class="day_number"
      >
        9
      </span>
      <div
        class="events"
      />
    </span>
    <span
      class="cell"
    >
      <span
        class="day_number"
      >
        10
      </span>
      <div
        class="events"
      />
    </span>
    <span
      class="cell"
    >
      <span
        class="day_number"
      >
        11
      </span>
      <div
        class="events"
      />
    </span>
    <span
      class="cell"
    >
      <span
        class="day_number"
      >
        12
      </span>
      <div
        class="events"
      />
    </span>
    <span
      class="cell"
    >
      <span
        class="day_number"
      >
        13
      </span>
      <div
        class="events"
      />
    </span>
    <span
      class="cell"
    >
      <span
        class="day_number"
      >
        14
      </span>
      <div
        class="events"
      />
    </span>
    <span
      class="cell"
    >
      <span
        class="day_number"
      >
        15
      </span>
      <div
        class="events"
      />
    </span>
    <span
      class="cell"
    >
      <span
        class="day_number"
      >
        16
      </span>
      <div
        class="events"
      />
    </span>
    <span
      class="cell"
    >
      <span
        class="day_number"
      >
        17
      </span>
      <div
        class="events"
      />
    </span>
    <span
      class="cell"
    >
      <span
        class="day_number"
      >
        18
      </span>
      <div
        class="events"
      />
    </span>
    <span
      class="cell"
    >
      <span
        class="day_number"
      >
        19
      </span>
      <div
        class="events"
      />
    </span>
    <span
      class="cell"
    >
      <span
        class="day_number"
      >
        20
      </span>
      <div
        class="events"
      />
    </span>
    <span
      class="cell"
    >
      <span
        class="day_number"
      >
        21
      </span>
      <div
        class="events"
      />
    </span>
    <span
      class="cell"
    >
      <span
        class="day_number"
      >
        22
      </span>
      <div
        class="events"
      />
    </span>
    <span
      class="cell"
    >
      <span
        class="day_number"
      >
        23
      </span>
      <div
        class="events"
      />
    </span>
    <span
      class="cell"
    >
      <span
        class="day_number"
      >
        24
      </span>
      <div
        class="events"
      />
    </span>
    <span
      class="cell"
    >
      <span
        class="day_number"
      >
        25
      </span>
      <div
        class="events"
      />
    </span>
    <span
      class="cell"
    >
      <span
        class="day_number"
      >
        26
      </span>
      <div
        class="events"
      />
    </span>
    <span
      class="cell"
    >
      <span
        class="day_number"
      >
        27
      </span>
      <div
        class="events"
      />
    </span>
    <span
      class="cell"
    >
      <span
        class="day_number day_number__current"
      >
        28
      </span>
      <div
        class="events"
      />
    </span>
    <span
      class="cell"
    >
      <span
        class="day_number"
      >
        29
      </span>
      <div
        class="events"
      />
    </span>
    <span
      class="cell"
    >
      <span
        class="day_number"
      >
        30
      </span>
      <div
        class="events"
      />
    </span>
    <span
      class="cell"
    >
      <span
        class="day_number"
      >
        31
      </span>
      <div
        class="events"
      />
    </span>
    <span
      class="cell cell__out_of_range"
    >
      <span
        class="day_number"
      >
        1
      </span>
      <div
        class="events"
      />
    </span>
    <span
      class="cell cell__out_of_range"
    >
      <span
        class="day_number"
      >
        2
      </span>
      <div
        class="events"
      />
    </span>
    <span
      class="cell cell__out_of_range"
    >
      <span
        class="day_number"
      >
        3
      </span>
      <div
        class="events"
      />
    </span>
    <span
      class="cell cell__out_of_range"
    >
      <span
        class="day_number"
      >
        4
      </span>
      <div
        class="events"
      />
    </span>
    <span
      class="cell cell__out_of_range"
    >
      <span
        class="day_number"
      >
        5
      </span>
      <div
        class="events"
      />
    </span>
  </div>
</div>
`;
