// Jest Snapshot v1, https://goo.gl/fbAQLP

exports[`FlexColumn should render successfully 1`] = `
<div
  class="flex flex-0-2-1 flex-d0-0-2-2"
>
  <div
    class="container-0-2-3 container-d0-0-2-4"
  />
  <div
    class="container-0-2-3 container-d1-0-2-5"
  />
  <div
    class="container-0-2-3 container-d2-0-2-6"
  />
</div>
`;
